// Jest Snapshot v1, https://goo.gl/fbAQLP

exports[`renders correctly 1`] = `
<div
  className="container"
>
  <div
    className="makeStyles-list-10"
  >
    <h1
      className="makeStyles-title-11"
    >
      Title
    </h1>
    <p>
      Loading data...
    </p>
    <div>
      No data
    </div>
  </div>
</div>
`;
